[2026-06-24 21:45:10] 🌾 农耕种植体系初始化完成
[2026-06-24 21:45:10]    农田分区：4 类
[2026-06-24 21:45:11] 🌾 农耕种植体系初始化完成
[2026-06-24 21:45:11]    农田分区：4 类
[2026-06-24 21:45:11] 
[2026-06-24 21:45:11] ============================================================
[2026-06-24 21:45:11] 🌿 【夏长】生长状态监控
[2026-06-24 21:45:11] ============================================================
[2026-06-24 21:45:11]    [Z01] 基础通识农田：共0栋，成熟可收割：0栋
[2026-06-24 21:45:11]    [Z02] 交叉创新农田：共0栋，成熟可收割：0栋
[2026-06-24 21:45:11]    [Z03] 专项行业农田：共0栋，成熟可收割：0栋
[2026-06-24 21:45:11]    [Z04] 高危盲区修复农田：共0栋，成熟可收割：0栋
[2026-06-24 21:45:11] 
[2026-06-24 21:45:11] 📊 夏长监控总览：
[2026-06-24 21:45:11]    总数量：0 栋
[2026-06-24 21:45:11]    成熟可收割：0 栋
[2026-06-24 21:45:11]    生长中：0 栋
[2026-06-24 21:45:11]    幼苗期：0 栋
[2026-06-24 21:46:12] 🌾 农耕种植体系初始化完成
[2026-06-24 21:46:12]    农田分区：4 类
[2026-06-24 21:46:12] 🌾 农耕种植体系初始化完成
[2026-06-24 21:46:12]    农田分区：4 类
[2026-06-24 21:46:12] 
[2026-06-24 21:46:12] ============================================================
[2026-06-24 21:46:12] 🌿 【夏长】生长状态监控
[2026-06-24 21:46:12] ============================================================
[2026-06-24 21:46:12]    [Z01] 基础通识农田：共0栋，成熟可收割：0栋
[2026-06-24 21:46:12]    [Z02] 交叉创新农田：共0栋，成熟可收割：0栋
[2026-06-24 21:46:12]    [Z03] 专项行业农田：共0栋，成熟可收割：0栋
[2026-06-24 21:46:12]    [Z04] 高危盲区修复农田：共0栋，成熟可收割：0栋
[2026-06-24 21:46:12] 
[2026-06-24 21:46:12] 📊 夏长监控总览：
[2026-06-24 21:46:12]    总数量：0 栋
[2026-06-24 21:46:12]    成熟可收割：0 栋
[2026-06-24 21:46:12]    生长中：0 栋
[2026-06-24 21:46:12]    幼苗期：0 栋
[2026-06-24 21:46:14] 🌾 农耕种植体系初始化完成
[2026-06-24 21:46:14]    农田分区：4 类
[2026-06-24 21:46:14] 🌾 农耕种植体系初始化完成
[2026-06-24 21:46:14]    农田分区：4 类
