[2026-06-24 21:45:10] 🏛️  粮仓储备体系初始化完成
[2026-06-24 21:45:10]    粮仓层级：3 级
[2026-06-24 21:45:10]    行业粮仓：7 个
[2026-06-24 21:45:10] ============================================================
[2026-06-24 21:45:10] 🏛️  粮仓储备体系总览
[2026-06-24 21:45:10] ============================================================
[2026-06-24 21:45:10]    [1级] 一级核心母核粮仓
[2026-06-24 21:45:10]         存储数量：0
[2026-06-24 21:45:10]         哈希模式：permanent_readonly
[2026-06-24 21:45:10]         安全等级：highest
[2026-06-24 21:45:10]    [2级] 二级行业专项粮仓
[2026-06-24 21:45:10]         存储数量：0
[2026-06-24 21:45:10]         哈希模式：periodic_verify
[2026-06-24 21:45:10]         安全等级：high
[2026-06-24 21:45:10]    [3级] 三级盲区迭代缓冲粮仓
[2026-06-24 21:45:10]         存储数量：0
[2026-06-24 21:45:10]         哈希模式：isolation_archive
[2026-06-24 21:45:10]         安全等级：medium
[2026-06-24 21:45:10] 
[2026-06-24 21:45:10] 📦 行业粮仓分布：
[2026-06-24 21:45:10]    教育粮仓：0 个
[2026-06-24 21:45:11]    产业办公粮仓：0 个
[2026-06-24 21:45:11]    商业流通粮仓：0 个
[2026-06-24 21:45:11]    政务治理粮仓：0 个
[2026-06-24 21:45:11]    科研创新粮仓：0 个
[2026-06-24 21:45:11]    民生社区粮仓：0 个
[2026-06-24 21:45:11]    交通枢纽粮仓：0 个
[2026-06-24 21:45:11] 🏛️  粮仓储备体系初始化完成
[2026-06-24 21:45:11]    粮仓层级：3 级
[2026-06-24 21:45:11]    行业粮仓：7 个
[2026-06-24 21:45:11] ============================================================
[2026-06-24 21:45:11] 🏛️  粮仓储备体系总览
[2026-06-24 21:45:11] ============================================================
[2026-06-24 21:45:11]    [1级] 一级核心母核粮仓
[2026-06-24 21:45:11]         存储数量：0
[2026-06-24 21:45:11]         哈希模式：permanent_readonly
[2026-06-24 21:45:11]         安全等级：highest
[2026-06-24 21:45:11]    [2级] 二级行业专项粮仓
[2026-06-24 21:45:11]         存储数量：0
[2026-06-24 21:45:11]         哈希模式：periodic_verify
[2026-06-24 21:45:11]         安全等级：high
[2026-06-24 21:45:11]    [3级] 三级盲区迭代缓冲粮仓
[2026-06-24 21:45:11]         存储数量：0
[2026-06-24 21:45:11]         哈希模式：isolation_archive
[2026-06-24 21:45:11]         安全等级：medium
[2026-06-24 21:45:11] 
[2026-06-24 21:45:11] 📦 行业粮仓分布：
[2026-06-24 21:45:11]    教育粮仓：0 个
[2026-06-24 21:45:11]    产业办公粮仓：0 个
[2026-06-24 21:45:11]    商业流通粮仓：0 个
[2026-06-24 21:45:11]    政务治理粮仓：0 个
[2026-06-24 21:45:11]    科研创新粮仓：0 个
[2026-06-24 21:45:11]    民生社区粮仓：0 个
[2026-06-24 21:45:11]    交通枢纽粮仓：0 个
[2026-06-24 21:46:12] 🏛️  粮仓储备体系初始化完成
[2026-06-24 21:46:12]    粮仓层级：3 级
[2026-06-24 21:46:12]    行业粮仓：7 个
[2026-06-24 21:46:12] ============================================================
[2026-06-24 21:46:12] 🏛️  粮仓储备体系总览
[2026-06-24 21:46:12] ============================================================
[2026-06-24 21:46:12]    [1级] 一级核心母核粮仓
[2026-06-24 21:46:12]         存储数量：0
[2026-06-24 21:46:12]         哈希模式：permanent_readonly
[2026-06-24 21:46:12]         安全等级：highest
[2026-06-24 21:46:12]    [2级] 二级行业专项粮仓
[2026-06-24 21:46:12]         存储数量：0
[2026-06-24 21:46:12]         哈希模式：periodic_verify
[2026-06-24 21:46:12]         安全等级：high
[2026-06-24 21:46:12]    [3级] 三级盲区迭代缓冲粮仓
[2026-06-24 21:46:12]         存储数量：0
[2026-06-24 21:46:12]         哈希模式：isolation_archive
[2026-06-24 21:46:12]         安全等级：medium
[2026-06-24 21:46:12] 
[2026-06-24 21:46:12] 📦 行业粮仓分布：
[2026-06-24 21:46:12]    教育粮仓：0 个
[2026-06-24 21:46:12]    产业办公粮仓：0 个
[2026-06-24 21:46:12]    商业流通粮仓：0 个
[2026-06-24 21:46:12]    政务治理粮仓：0 个
[2026-06-24 21:46:12]    科研创新粮仓：0 个
[2026-06-24 21:46:12]    民生社区粮仓：0 个
[2026-06-24 21:46:12]    交通枢纽粮仓：0 个
[2026-06-24 21:46:12] 🏛️  粮仓储备体系初始化完成
[2026-06-24 21:46:12]    粮仓层级：3 级
[2026-06-24 21:46:12]    行业粮仓：7 个
[2026-06-24 21:46:12] ============================================================
[2026-06-24 21:46:12] 🏛️  粮仓储备体系总览
[2026-06-24 21:46:12] ============================================================
[2026-06-24 21:46:12]    [1级] 一级核心母核粮仓
[2026-06-24 21:46:12]         存储数量：0
[2026-06-24 21:46:12]         哈希模式：permanent_readonly
[2026-06-24 21:46:12]         安全等级：highest
[2026-06-24 21:46:12]    [2级] 二级行业专项粮仓
[2026-06-24 21:46:12]         存储数量：0
[2026-06-24 21:46:12]         哈希模式：periodic_verify
[2026-06-24 21:46:12]         安全等级：high
[2026-06-24 21:46:12]    [3级] 三级盲区迭代缓冲粮仓
[2026-06-24 21:46:12]         存储数量：0
[2026-06-24 21:46:12]         哈希模式：isolation_archive
[2026-06-24 21:46:12]         安全等级：medium
[2026-06-24 21:46:12] 
[2026-06-24 21:46:12] 📦 行业粮仓分布：
[2026-06-24 21:46:12]    教育粮仓：0 个
[2026-06-24 21:46:12]    产业办公粮仓：0 个
[2026-06-24 21:46:12]    商业流通粮仓：0 个
[2026-06-24 21:46:12]    政务治理粮仓：0 个
[2026-06-24 21:46:12]    科研创新粮仓：0 个
[2026-06-24 21:46:12]    民生社区粮仓：0 个
[2026-06-24 21:46:12]    交通枢纽粮仓：0 个
[2026-06-24 21:46:14] 🏛️  粮仓储备体系初始化完成
[2026-06-24 21:46:14]    粮仓层级：3 级
[2026-06-24 21:46:14]    行业粮仓：7 个
[2026-06-24 21:46:14] 🏛️  粮仓储备体系初始化完成
[2026-06-24 21:46:14]    粮仓层级：3 级
[2026-06-24 21:46:14]    行业粮仓：7 个
